#! /mingw64/bin/vvp
:ivl_version "12.0 (stable)";
:ivl_delay_selection "TYPICAL";
:vpi_time_precision + 0;
:vpi_module "C:\msys64\mingw64\lib\ivl\system.vpi";
:vpi_module "C:\msys64\mingw64\lib\ivl\vhdl_sys.vpi";
:vpi_module "C:\msys64\mingw64\lib\ivl\vhdl_textio.vpi";
:vpi_module "C:\msys64\mingw64\lib\ivl\v2005_math.vpi";
:vpi_module "C:\msys64\mingw64\lib\ivl\va_math.vpi";
S_000001fc721294c0 .scope module, "practice" "practice" 2 1;
 .timescale 0 0;
v000001fc7217e3d0_0 .var "clk", 0 0;
v000001fc7217cf30_0 .net "q", 3 0, L_000001fc7217dc50;  1 drivers
v000001fc7217d6b0_0 .var "reset", 0 0;
S_000001fc72112460 .scope module, "r1" "ripple_carry_counter" 2 5, 3 1 0, S_000001fc721294c0;
 .timescale 0 0;
    .port_info 0 /OUTPUT 4 "q";
    .port_info 1 /INPUT 1 "clk";
    .port_info 2 /INPUT 1 "reset";
v000001fc7217ccb0_0 .net "clk", 0 0, v000001fc7217e3d0_0;  1 drivers
v000001fc7217cb70_0 .net "q", 3 0, L_000001fc7217dc50;  alias, 1 drivers
v000001fc7217da70_0 .net "reset", 0 0, v000001fc7217d6b0_0;  1 drivers
L_000001fc7217cfd0 .part L_000001fc7217dc50, 0, 1;
L_000001fc7217db10 .part L_000001fc7217dc50, 1, 1;
L_000001fc7217dc50 .concat8 [ 1 1 1 1], v000001fc72126070_0, v000001fc72125d50_0, v000001fc7217d890_0, v000001fc7217e8d0_0;
L_000001fc7217d1b0 .part L_000001fc7217dc50, 2, 1;
S_000001fc721125f0 .scope module, "tff0" "T_FF" 3 5, 3 11 0, S_000001fc72112460;
 .timescale 0 0;
    .port_info 0 /OUTPUT 1 "q";
    .port_info 1 /INPUT 1 "clk";
    .port_info 2 /INPUT 1 "reset";
L_000001fc7217f180 .functor NOT 1, v000001fc72126070_0, C4<0>, C4<0>, C4<0>;
v000001fc72126250_0 .net "clk", 0 0, v000001fc7217e3d0_0;  alias, 1 drivers
v000001fc72125b70_0 .net "d", 0 0, L_000001fc7217f180;  1 drivers
v000001fc721257b0_0 .net "q", 0 0, v000001fc72126070_0;  1 drivers
v000001fc72126110_0 .net "reset", 0 0, v000001fc7217d6b0_0;  alias, 1 drivers
S_000001fc72116bb0 .scope module, "dff0" "D_FF" 3 15, 3 19 0, S_000001fc721125f0;
 .timescale 0 0;
    .port_info 0 /OUTPUT 1 "q";
    .port_info 1 /INPUT 1 "d";
    .port_info 2 /INPUT 1 "clk";
    .port_info 3 /INPUT 1 "reset";
v000001fc72126610_0 .net "clk", 0 0, v000001fc7217e3d0_0;  alias, 1 drivers
v000001fc72125f30_0 .net "d", 0 0, L_000001fc7217f180;  alias, 1 drivers
v000001fc72126070_0 .var "q", 0 0;
v000001fc721261b0_0 .net "reset", 0 0, v000001fc7217d6b0_0;  alias, 1 drivers
E_000001fc72121250/0 .event negedge, v000001fc72126610_0;
E_000001fc72121250/1 .event posedge, v000001fc721261b0_0;
E_000001fc72121250 .event/or E_000001fc72121250/0, E_000001fc72121250/1;
S_000001fc72116d40 .scope module, "tff1" "T_FF" 3 6, 3 11 0, S_000001fc72112460;
 .timescale 0 0;
    .port_info 0 /OUTPUT 1 "q";
    .port_info 1 /INPUT 1 "clk";
    .port_info 2 /INPUT 1 "reset";
L_000001fc7217ee00 .functor NOT 1, v000001fc72125d50_0, C4<0>, C4<0>, C4<0>;
v000001fc721258f0_0 .net "clk", 0 0, L_000001fc7217cfd0;  1 drivers
v000001fc72125cb0_0 .net "d", 0 0, L_000001fc7217ee00;  1 drivers
v000001fc72125990_0 .net "q", 0 0, v000001fc72125d50_0;  1 drivers
v000001fc72125a30_0 .net "reset", 0 0, v000001fc7217d6b0_0;  alias, 1 drivers
S_000001fc7217c5d0 .scope module, "dff0" "D_FF" 3 15, 3 19 0, S_000001fc72116d40;
 .timescale 0 0;
    .port_info 0 /OUTPUT 1 "q";
    .port_info 1 /INPUT 1 "d";
    .port_info 2 /INPUT 1 "clk";
    .port_info 3 /INPUT 1 "reset";
v000001fc72126430_0 .net "clk", 0 0, L_000001fc7217cfd0;  alias, 1 drivers
v000001fc721264d0_0 .net "d", 0 0, L_000001fc7217ee00;  alias, 1 drivers
v000001fc72125d50_0 .var "q", 0 0;
v000001fc72125850_0 .net "reset", 0 0, v000001fc7217d6b0_0;  alias, 1 drivers
E_000001fc721207d0/0 .event negedge, v000001fc72126430_0;
E_000001fc721207d0/1 .event posedge, v000001fc721261b0_0;
E_000001fc721207d0 .event/or E_000001fc721207d0/0, E_000001fc721207d0/1;
S_000001fc7217c760 .scope module, "tff2" "T_FF" 3 7, 3 11 0, S_000001fc72112460;
 .timescale 0 0;
    .port_info 0 /OUTPUT 1 "q";
    .port_info 1 /INPUT 1 "clk";
    .port_info 2 /INPUT 1 "reset";
L_000001fc7217f490 .functor NOT 1, v000001fc7217d890_0, C4<0>, C4<0>, C4<0>;
v000001fc7217e470_0 .net "clk", 0 0, L_000001fc7217db10;  1 drivers
v000001fc7217cc10_0 .net "d", 0 0, L_000001fc7217f490;  1 drivers
v000001fc7217dbb0_0 .net "q", 0 0, v000001fc7217d890_0;  1 drivers
v000001fc7217d430_0 .net "reset", 0 0, v000001fc7217d6b0_0;  alias, 1 drivers
S_000001fc7217c8f0 .scope module, "dff0" "D_FF" 3 15, 3 19 0, S_000001fc7217c760;
 .timescale 0 0;
    .port_info 0 /OUTPUT 1 "q";
    .port_info 1 /INPUT 1 "d";
    .port_info 2 /INPUT 1 "clk";
    .port_info 3 /INPUT 1 "reset";
v000001fc72125df0_0 .net "clk", 0 0, L_000001fc7217db10;  alias, 1 drivers
v000001fc72125ad0_0 .net "d", 0 0, L_000001fc7217f490;  alias, 1 drivers
v000001fc7217d890_0 .var "q", 0 0;
v000001fc7217e150_0 .net "reset", 0 0, v000001fc7217d6b0_0;  alias, 1 drivers
E_000001fc72120810/0 .event negedge, v000001fc72125df0_0;
E_000001fc72120810/1 .event posedge, v000001fc721261b0_0;
E_000001fc72120810 .event/or E_000001fc72120810/0, E_000001fc72120810/1;
S_000001fc7217ea90 .scope module, "tff3" "T_FF" 3 8, 3 11 0, S_000001fc72112460;
 .timescale 0 0;
    .port_info 0 /OUTPUT 1 "q";
    .port_info 1 /INPUT 1 "clk";
    .port_info 2 /INPUT 1 "reset";
L_000001fc7217f110 .functor NOT 1, v000001fc7217e8d0_0, C4<0>, C4<0>, C4<0>;
v000001fc7217cad0_0 .net "clk", 0 0, L_000001fc7217d1b0;  1 drivers
v000001fc7217e5b0_0 .net "d", 0 0, L_000001fc7217f110;  1 drivers
v000001fc7217d610_0 .net "q", 0 0, v000001fc7217e8d0_0;  1 drivers
v000001fc7217e970_0 .net "reset", 0 0, v000001fc7217d6b0_0;  alias, 1 drivers
S_000001fc7217ec20 .scope module, "dff0" "D_FF" 3 15, 3 19 0, S_000001fc7217ea90;
 .timescale 0 0;
    .port_info 0 /OUTPUT 1 "q";
    .port_info 1 /INPUT 1 "d";
    .port_info 2 /INPUT 1 "clk";
    .port_info 3 /INPUT 1 "reset";
v000001fc7217e510_0 .net "clk", 0 0, L_000001fc7217d1b0;  alias, 1 drivers
v000001fc7217d570_0 .net "d", 0 0, L_000001fc7217f110;  alias, 1 drivers
v000001fc7217e8d0_0 .var "q", 0 0;
v000001fc7217d4d0_0 .net "reset", 0 0, v000001fc7217d6b0_0;  alias, 1 drivers
E_000001fc721211d0/0 .event negedge, v000001fc7217e510_0;
E_000001fc721211d0/1 .event posedge, v000001fc721261b0_0;
E_000001fc721211d0 .event/or E_000001fc721211d0/0, E_000001fc721211d0/1;
    .scope S_000001fc72116bb0;
T_0 ;
    %wait E_000001fc72121250;
    %load/vec4 v000001fc721261b0_0;
    %flag_set/vec4 8;
    %jmp/0xz  T_0.0, 8;
    %pushi/vec4 0, 0, 1;
    %store/vec4 v000001fc72126070_0, 0, 1;
    %jmp T_0.1;
T_0.0 ;
    %load/vec4 v000001fc72125f30_0;
    %store/vec4 v000001fc72126070_0, 0, 1;
T_0.1 ;
    %jmp T_0;
    .thread T_0;
    .scope S_000001fc7217c5d0;
T_1 ;
    %wait E_000001fc721207d0;
    %load/vec4 v000001fc72125850_0;
    %flag_set/vec4 8;
    %jmp/0xz  T_1.0, 8;
    %pushi/vec4 0, 0, 1;
    %store/vec4 v000001fc72125d50_0, 0, 1;
    %jmp T_1.1;
T_1.0 ;
    %load/vec4 v000001fc721264d0_0;
    %store/vec4 v000001fc72125d50_0, 0, 1;
T_1.1 ;
    %jmp T_1;
    .thread T_1;
    .scope S_000001fc7217c8f0;
T_2 ;
    %wait E_000001fc72120810;
    %load/vec4 v000001fc7217e150_0;
    %flag_set/vec4 8;
    %jmp/0xz  T_2.0, 8;
    %pushi/vec4 0, 0, 1;
    %store/vec4 v000001fc7217d890_0, 0, 1;
    %jmp T_2.1;
T_2.0 ;
    %load/vec4 v000001fc72125ad0_0;
    %store/vec4 v000001fc7217d890_0, 0, 1;
T_2.1 ;
    %jmp T_2;
    .thread T_2;
    .scope S_000001fc7217ec20;
T_3 ;
    %wait E_000001fc721211d0;
    %load/vec4 v000001fc7217d4d0_0;
    %flag_set/vec4 8;
    %jmp/0xz  T_3.0, 8;
    %pushi/vec4 0, 0, 1;
    %store/vec4 v000001fc7217e8d0_0, 0, 1;
    %jmp T_3.1;
T_3.0 ;
    %load/vec4 v000001fc7217d570_0;
    %store/vec4 v000001fc7217e8d0_0, 0, 1;
T_3.1 ;
    %jmp T_3;
    .thread T_3;
    .scope S_000001fc721294c0;
T_4 ;
    %pushi/vec4 0, 0, 1;
    %store/vec4 v000001fc7217e3d0_0, 0, 1;
    %end;
    .thread T_4;
    .scope S_000001fc721294c0;
T_5 ;
    %delay 5, 0;
    %load/vec4 v000001fc7217e3d0_0;
    %inv;
    %store/vec4 v000001fc7217e3d0_0, 0, 1;
    %jmp T_5;
    .thread T_5;
    .scope S_000001fc721294c0;
T_6 ;
    %vpi_call 2 12 "$dumpfile", "dump.vcd" {0 0 0};
    %vpi_call 2 13 "$dumpvars", 32'sb00000000000000000000000000000000, S_000001fc721294c0 {0 0 0};
    %pushi/vec4 1, 0, 1;
    %store/vec4 v000001fc7217d6b0_0, 0, 1;
    %delay 15, 0;
    %pushi/vec4 0, 0, 1;
    %store/vec4 v000001fc7217d6b0_0, 0, 1;
    %delay 180, 0;
    %pushi/vec4 1, 0, 1;
    %store/vec4 v000001fc7217d6b0_0, 0, 1;
    %delay 10, 0;
    %pushi/vec4 0, 0, 1;
    %store/vec4 v000001fc7217d6b0_0, 0, 1;
    %delay 20, 0;
    %vpi_call 2 18 "$finish" {0 0 0};
    %end;
    .thread T_6;
    .scope S_000001fc721294c0;
T_7 ;
    %vpi_call 2 21 "$monitor", $time, "  output q = %d", v000001fc7217cf30_0 {0 0 0};
    %end;
    .thread T_7;
# The file index is used to find the file name in the following table.
:file_names 4;
    "N/A";
    "<interactive>";
    "T_flip_flop_tb.v";
    "T_flip_flop.v";
